// Jest Snapshot v1, https://goo.gl/fbAQLP

exports[`<App /> renders well 1`] = `
<Switch>
  <Route
    component={[Function]}
    exact={true}
    path="/"
  />
  <Route
    component={[Function]}
    path="/nb/:notebook"
  />
</Switch>
`;
