exports[`Notebook renders a well formed component 1`] = `
<p>
  Loading...
</p>
`;
