exports[`Summary renders a well formed component 1`] = `
<div>
  <h1>
    summary
  </h1>
  <ul>
    <li>
      <a
        onClick={[Function]}
        style={Object {}}>
        accelerating-returns
      </a>
    </li>
    <li>
      <a
        onClick={[Function]}
        style={Object {}}>
        bertrand
      </a>
    </li>
    <li>
      <a
        onClick={[Function]}
        style={Object {}}>
        secretary
      </a>
    </li>
    <li>
      <a
        onClick={[Function]}
        style={Object {}}>
        simulation
      </a>
    </li>
  </ul>
</div>
`;
